// Jest Snapshot v1, https://goo.gl/fbAQLP

exports[`<Map /> should render a Map component 1`] = `
<div
  className="map"
>
  <a
    className="map__link"
    href="https://www.google.com/maps/search/?api=1&query=30%20Nowhere%20St.%2C%20Sometown%2C%20CA"
    target="_blank"
  >
    <img
      alt="map of location"
      className="map__img"
      src="https://maps.googleapis.com/maps/api/staticmap?key=AIzaSyC54lAZfmFGtXLamlbYzwabbOMHFEdqGwM&center=37.75,-122.419998&size=480x300&zoom=17&scale=2&markers=color%3Ared%7Csize%3Alarge%7C"
    />
  </a>
</div>
`;

exports[`<When /> should render a When component 1`] = `
<div
  className="when"
>
  <div
    className="when__icon"
  >
    <InlineSVG
      cacheGetRequests={false}
      height="24"
      onLoad={[Function]}
      src="./icons/clock.svg"
      supportTest={[Function]}
      uniquifyIDs={true}
      viewBox="0 0 24 24"
      width="24"
      wrapper={[Function]}
    />
  </div>
  <div
    className="when__text"
  >
    <span>
      <span>
        <t
          ago={false}
          calendar={false}
          decimal={false}
          element="time"
          filter={[Function]}
          format="dddd, MMMM D YYYY"
          fromNow={false}
          interval={60000}
          onChange={[Function]}
          toNow={false}
          unit={null}
          unix={false}
          utc={false}
        >
          2018-03-13T02:00:00Z
        </t>
      </span>
      <t
        ago={false}
        calendar={false}
        decimal={false}
        element="time"
        filter={[Function]}
        format="h:mm A"
        fromNow={false}
        interval={60000}
        onChange={[Function]}
        toNow={false}
        unit={null}
        unix={false}
        utc={false}
      >
        2018-03-13T02:00:00Z
      </t>
       to 
      <t
        ago={false}
        calendar={false}
        decimal={false}
        element="time"
        filter={[Function]}
        format="h:mm A"
        fromNow={false}
        interval={60000}
        onChange={[Function]}
        toNow={false}
        unit={null}
        unix={false}
        utc={false}
      >
        2018-03-13T04:00:00Z
      </t>
    </span>
    <span
      className="when__series"
    >
      Repeats every week
    </span>
  </div>
</div>
`;
