// Jest Snapshot v1, https://goo.gl/fbAQLP

exports[`<When /> should render a When component 1`] = `
<div
  className="textSection"
>
  <div
    className="icon"
  >
    <InlineSVG
      cacheGetRequests={false}
      height="24"
      onLoad={[Function]}
      src="./icons/clock.svg"
      supportTest={[Function]}
      uniquifyIDs={true}
      viewBox="0 0 24 24"
      width="24"
      wrapper={[Function]}
    />
  </div>
  <div
    className="when__text"
  >
    <span>
      <span
        className="when__date"
      >
        <t
          ago={false}
          calendar={false}
          decimal={false}
          element="time"
          filter={[Function]}
          format="dddd, MMMM D YYYY"
          fromNow={false}
          interval={60000}
          onChange={[Function]}
          toNow={false}
          unit={null}
          unix={false}
          utc={false}
        >
          2018-03-13T02:00:00Z
        </t>
      </span>
      <span
        className="when__time"
      >
        <t
          ago={false}
          calendar={false}
          decimal={false}
          element="time"
          filter={[Function]}
          format="h:mm A"
          fromNow={false}
          interval={60000}
          onChange={[Function]}
          toNow={false}
          unit={null}
          unix={false}
          utc={false}
        >
          2018-03-13T02:00:00Z
        </t>
         to 
        <t
          ago={false}
          calendar={false}
          decimal={false}
          element="time"
          filter={[Function]}
          format="h:mm A"
          fromNow={false}
          interval={60000}
          onChange={[Function]}
          toNow={false}
          unit={null}
          unix={false}
          utc={false}
        >
          2018-03-13T04:00:00Z
        </t>
      </span>
    </span>
    <span
      className="secondaryText"
      data-test="when__series"
    >
      Repeats every week
    </span>
  </div>
</div>
`;
